** Drc report for nrsk-right.kicad_pcb **
** Created on 2026-10-04T11:40:53 **
** Report includes: Errors, Warnings, Exclusions **

** Found 5 DRC violations **
[silk_edge_clearance]: Silkscreen clipped by board edge
    Rule: board setup constraints silk; warning
    @(27.0000 mm, 143.3000 mm): Segment on Edge.Cuts
    @(28.6950 mm, 106.3000 mm): Segment of J2 on B.Silkscreen
[silk_edge_clearance]: Silkscreen clipped by board edge
    Rule: board setup constraints silk; warning
    @(27.0000 mm, 143.3000 mm): Segment on Edge.Cuts
    @(28.6950 mm, 115.7000 mm): Segment of J2 on B.Silkscreen
[silk_edge_clearance]: Silkscreen clipped by board edge
    Rule: board setup constraints silk; warning
    @(27.0000 mm, 143.3000 mm): Segment on Edge.Cuts
    @(27.0450 mm, 141.5000 mm): Segment of J1 on B.Silkscreen
[silk_edge_clearance]: Silkscreen clipped by board edge
    Rule: board setup constraints silk; warning
    @(27.0000 mm, 143.3000 mm): Segment on Edge.Cuts
    @(29.0450 mm, 136.5000 mm): Segment of J1 on B.Silkscreen
[silk_edge_clearance]: Silkscreen clipped by board edge
    Rule: board setup constraints silk; warning
    @(27.0000 mm, 143.3000 mm): Segment on Edge.Cuts
    @(29.0450 mm, 141.5000 mm): Segment of J1 on B.Silkscreen

** Found 0 unconnected pads **

** Found 0 Footprint errors **

** Ignored checks **
    - Footprint has no courtyard defined
    - Track endpoint not centered on via
    - Tuning profile track geometries
    - Footprint doesn't match symbol's footprint filters
    - PTH inside courtyard
    - NPTH inside courtyard

** End of Report **
